Loaded program: /home/hurricane/private/code/rut-performance-checkpoints/http-100k-fifo-fixed-diagnostic-20261010/default/proxy.rut (opt O2)
Backend: io_uring
RUT_STUDY_HTTP_NODELAY mode=off
RUT_STUDY_WS_RECV mode=once
RUT_STUDY_WS_COPY mode=off
RUT_STUDY_WS_AVAILABLE mode=off
RUT_STUDY_WS_FAST_BATCH mode=off
RUT_STUDY_WS_FAST_SCAN mode=off
RUT_STUDY_WS_NODELAY mode=on
RUT_STUDY_WS_SYNC_SEND mode=off
RUT_STUDY_WS_COPY_LIMIT bytes=4096
RUT_STUDY_WS_PARAMETERS chunk=65536 calls=8
RUT_STUDY_WS_SPLICE mode=off
RUT_STUDY_HTTP_TERMINAL_SCAN mode=off
RUT_STUDY_HTTP_BOUNDARY_READY_SET mode=off
RUT_STUDY_HTTP_RELAY_RING mode=off
RUT_STUDY_HTTP_BYTE_YIELD mode=off
RUT_STUDY_HTTP_TASKRUN_YIELD mode=off
RUT_STUDY_HTTP_SUBMIT_BEFORE_RELAY mode=off
RUT_STUDY_POLICY profile=current batch=256 chunk=131072
Listening on port 8604 with 1 shard(s)
Draining connections (1s)...
RUT_WS_THREAD voluntary=389 involuntary=163
RUT_RELAY_STATS admissions=316541 pulled_bytes=27277981897 written_bytes=27276947713
RUT_SMALL_PHASE_SAMPLES count=0 drops=0
RUT_SMALL_PHASE kind=0 sum_us=0 max_us=0 hist=0,0,0,0,0,0,0,0,0,0,0,0,0,0,0,0,0,0,0,0,0,0,0,0,0,0,0,0,0,0,0,0,
RUT_SMALL_PHASE kind=1 sum_us=0 max_us=0 hist=0,0,0,0,0,0,0,0,0,0,0,0,0,0,0,0,0,0,0,0,0,0,0,0,0,0,0,0,0,0,0,0,
RUT_SMALL_PHASE kind=2 sum_us=0 max_us=0 hist=0,0,0,0,0,0,0,0,0,0,0,0,0,0,0,0,0,0,0,0,0,0,0,0,0,0,0,0,0,0,0,0,
RUT_SMALL_PHASE kind=3 sum_us=0 max_us=0 hist=0,0,0,0,0,0,0,0,0,0,0,0,0,0,0,0,0,0,0,0,0,0,0,0,0,0,0,0,0,0,0,0,
RUT_PHASE_STATS cq_calls=256 cq_bytes=10356217 cq_ns=647658190 flush_ns=4512113231
RUT_PIPE_STATS large=260 small=0
RUT_SPLICE_STATS read_calls=316524 write_calls=316524 read_eagain=0 write_eagain=0 read_short=6 write_short=0 budget_write_polls=0
RUT_WAIT_STATS kind=0 sum_ns=0 max_ns=0 hist=0,0,0,0,0,0,0,0,0,0,0,0,0,0,0,0,0,0,0,0,0,0,0,0,0,0,0,0,0,0,0,0,
RUT_WAIT_STATS kind=1 sum_ns=0 max_ns=0 hist=0,0,0,0,0,0,0,0,0,0,0,0,0,0,0,0,0,0,0,0,0,0,0,0,0,0,0,0,0,0,0,0,
RUT_WAIT_STATS kind=2 sum_ns=1049642790057 max_ns=11827935 hist=0,0,0,0,0,0,2,0,4,110,934,314665,582,99,0,0,0,0,0,0,0,0,0,0,0,0,0,0,0,0,0,0,
RUT_SYSCALL_STATS kind=0 hist=223,809,3840,63,10,0,0,0,0,0,0,0,0,0,0,0,0,0,0,0,0,0,0,0,0,0,0,0,0,0,0,0,
RUT_SYSCALL_STATS kind=1 hist=0,0,1213,3710,19,3,0,0,0,0,0,0,0,0,0,0,0,0,0,0,0,0,0,0,0,0,0,0,0,0,0,0,
RUT_SCHED_STATS turns=53403 yields=29 calls=632792 probes=158872 inspected=105682 types=28,105606,0,0,40,0,0,0,8,0,0,0,
RUT_IO_WAIT calls=53403 enters=53381 submitted=950046 events=1266870 empty=14 max_events=128
Shutdown complete.
