Loaded program: /tmp/rut-bounded-followup-20260928/buffered-more-matrix-quick-r2/http-65536-proxy-close/proxy.rut (opt O2)
Backend: io_uring
Listening on port 8987 with 1 shard(s)
DRAIN phase=2 sent=146 total=16384 fd=-1 abandoned=1 recv=0 direct=0 offset=0
DRAIN phase=3 sent=16238 total=16238 fd=-1 abandoned=1 recv=0 direct=0 offset=146
DRAIN phase=2 sent=146 total=16384 fd=-1 abandoned=1 recv=0 direct=0 offset=0
DRAIN phase=3 sent=16238 total=16238 fd=-1 abandoned=1 recv=0 direct=0 offset=146
DRAIN phase=2 sent=146 total=16384 fd=-1 abandoned=1 recv=0 direct=0 offset=0
DRAIN phase=3 sent=16238 total=16238 fd=-1 abandoned=1 recv=0 direct=0 offset=146
DRAIN phase=2 sent=146 total=16384 fd=-1 abandoned=1 recv=0 direct=0 offset=0
DRAIN phase=3 sent=16238 total=16238 fd=-1 abandoned=1 recv=0 direct=0 offset=146
DRAIN phase=2 sent=146 total=16384 fd=-1 abandoned=1 recv=0 direct=0 offset=0
DRAIN phase=3 sent=16238 total=16238 fd=-1 abandoned=1 recv=0 direct=0 offset=146
DRAIN phase=2 sent=146 total=16384 fd=-1 abandoned=1 recv=0 direct=0 offset=0
DRAIN phase=3 sent=16238 total=16238 fd=-1 abandoned=1 recv=0 direct=0 offset=146
DRAIN phase=2 sent=146 total=16384 fd=-1 abandoned=1 recv=0 direct=0 offset=0
DRAIN phase=3 sent=16238 total=16238 fd=-1 abandoned=1 recv=0 direct=0 offset=146
DRAIN phase=2 sent=146 total=16384 fd=-1 abandoned=1 recv=0 direct=0 offset=0
DRAIN phase=3 sent=16238 total=16238 fd=-1 abandoned=1 recv=0 direct=0 offset=146
DRAIN phase=2 sent=146 total=16384 fd=-1 abandoned=1 recv=0 direct=0 offset=0
DRAIN phase=3 sent=16238 total=16238 fd=-1 abandoned=1 recv=0 direct=0 offset=146
DRAIN phase=1 sent=146 total=16384 fd=7 abandoned=0 recv=1 direct=0 offset=0
DRAIN phase=1 sent=16238 total=16238 fd=7 abandoned=0 recv=0 direct=0 offset=0
DRAIN phase=2 sent=146 total=16384 fd=-1 abandoned=1 recv=0 direct=0 offset=0
DRAIN phase=3 sent=16238 total=16238 fd=-1 abandoned=1 recv=0 direct=0 offset=146
DRAIN phase=2 sent=146 total=16384 fd=-1 abandoned=1 recv=0 direct=0 offset=0
DRAIN phase=3 sent=16238 total=16238 fd=-1 abandoned=1 recv=0 direct=0 offset=146
Draining connections (1s)...
Shutdown complete.
