Loaded program: /home/hurricane/private/code/rut-performance-checkpoints/http-splice-chunk-diagnostics-20261010/screen-1048576-128k/proxy.rut (opt O2)
Backend: io_uring
RUT_STUDY_HTTP_NODELAY mode=off
RUT_STUDY_WS_RECV mode=once
RUT_STUDY_WS_COPY mode=off
RUT_STUDY_WS_AVAILABLE mode=off
RUT_STUDY_WS_FAST_BATCH mode=off
RUT_STUDY_WS_FAST_SCAN mode=off
RUT_STUDY_WS_NODELAY mode=on
RUT_STUDY_WS_SYNC_SEND mode=off
RUT_STUDY_WS_COPY_LIMIT bytes=4096
RUT_STUDY_WS_PARAMETERS chunk=65536 calls=8
RUT_STUDY_WS_SPLICE mode=off
RUT_STUDY_HTTP_TERMINAL_SCAN mode=off
RUT_STUDY_HTTP_BOUNDARY_READY_SET mode=off
RUT_STUDY_HTTP_RELAY_RING mode=off
RUT_STUDY_POLICY profile=current batch=256 chunk=131072
Listening on port 8604 with 1 shard(s)
Draining connections (1s)...
RUT_WS_THREAD voluntary=1575 involuntary=166
RUT_RELAY_STATS admissions=45084 pulled_bytes=46409583742 written_bytes=46390132522
RUT_SMALL_PHASE_SAMPLES count=0 drops=0
RUT_SMALL_PHASE kind=0 sum_us=0 max_us=0 hist=0,0,0,0,0,0,0,0,0,0,0,0,0,0,0,0,0,0,0,0,0,0,0,0,0,0,0,0,0,0,0,0,
RUT_SMALL_PHASE kind=1 sum_us=0 max_us=0 hist=0,0,0,0,0,0,0,0,0,0,0,0,0,0,0,0,0,0,0,0,0,0,0,0,0,0,0,0,0,0,0,0,
RUT_SMALL_PHASE kind=2 sum_us=0 max_us=0 hist=0,0,0,0,0,0,0,0,0,0,0,0,0,0,0,0,0,0,0,0,0,0,0,0,0,0,0,0,0,0,0,0,
RUT_SMALL_PHASE kind=3 sum_us=0 max_us=0 hist=0,0,0,0,0,0,0,0,0,0,0,0,0,0,0,0,0,0,0,0,0,0,0,0,0,0,0,0,0,0,0,0,
RUT_PHASE_STATS cq_calls=95758 cq_bytes=5973575411 cq_ns=951226307 flush_ns=6375631398
RUT_PIPE_STATS large=260 small=0
RUT_SPLICE_STATS read_calls=369063 write_calls=367793 read_eagain=1270 write_eagain=0 read_short=8817 write_short=0 budget_write_polls=0
RUT_WAIT_STATS kind=0 sum_ns=8794547 max_ns=91610 hist=111,132,787,212,6,16,6,0,0,0,0,0,0,0,0,0,0,0,0,0,0,0,0,0,0,0,0,0,0,0,0,0,
RUT_WAIT_STATS kind=1 sum_ns=0 max_ns=0 hist=0,0,0,0,0,0,0,0,0,0,0,0,0,0,0,0,0,0,0,0,0,0,0,0,0,0,0,0,0,0,0,0,
RUT_WAIT_STATS kind=2 sum_ns=866213431359 max_ns=11145845 hist=0,0,0,0,0,1,1,0,47,7255,64169,248941,43,92,0,0,0,0,0,0,0,0,0,0,0,0,0,0,0,0,0,0,
RUT_SYSCALL_STATS kind=0 hist=731,520,2069,2260,178,8,0,0,0,0,0,0,0,0,0,0,0,0,0,0,0,0,0,0,0,0,0,0,0,0,0,0,
RUT_SYSCALL_STATS kind=1 hist=17,14,179,5361,155,20,0,0,0,0,0,0,0,0,0,0,0,0,0,0,0,0,0,0,0,0,0,0,0,0,0,0,
RUT_SCHED_STATS turns=91747 yields=24 calls=641098 probes=98380 inspected=11704 types=31,7891,0,0,3779,0,0,0,3,0,0,0,
RUT_IO_WAIT calls=91747 enters=78028 submitted=137061 events=182419 empty=6240 max_events=128
Shutdown complete.
