Loaded program: /home/hurricane/private/code/rut-performance-checkpoints/http-splice-wait-20261010-diagnostics/screen-1048576-uring-off/proxy.rut (opt O2)
Backend: io_uring
RUT_STUDY_HTTP_NODELAY mode=off
RUT_STUDY_WS_RECV mode=once
RUT_STUDY_WS_COPY mode=off
RUT_STUDY_WS_AVAILABLE mode=off
RUT_STUDY_WS_FAST_BATCH mode=off
RUT_STUDY_WS_FAST_SCAN mode=off
RUT_STUDY_WS_NODELAY mode=on
RUT_STUDY_WS_SYNC_SEND mode=off
RUT_STUDY_WS_COPY_LIMIT bytes=4096
RUT_STUDY_WS_PARAMETERS chunk=65536 calls=8
RUT_STUDY_WS_SPLICE mode=off
RUT_STUDY_HTTP_TERMINAL_SCAN mode=off
RUT_STUDY_HTTP_BOUNDARY_READY_SET mode=off
RUT_STUDY_POLICY profile=current batch=256 chunk=131072
Listening on port 8604 with 1 shard(s)
Draining connections (1s)...
RUT_WS_THREAD voluntary=1947 involuntary=105
RUT_RELAY_STATS admissions=45592 pulled_bytes=47020071171 written_bytes=47014114836
RUT_SMALL_PHASE_SAMPLES count=0 drops=0
RUT_SMALL_PHASE kind=0 sum_us=0 max_us=0 hist=0,0,0,0,0,0,0,0,0,0,0,0,0,0,0,0,0,0,0,0,0,0,0,0,0,0,0,0,0,0,0,0,
RUT_SMALL_PHASE kind=1 sum_us=0 max_us=0 hist=0,0,0,0,0,0,0,0,0,0,0,0,0,0,0,0,0,0,0,0,0,0,0,0,0,0,0,0,0,0,0,0,
RUT_SMALL_PHASE kind=2 sum_us=0 max_us=0 hist=0,0,0,0,0,0,0,0,0,0,0,0,0,0,0,0,0,0,0,0,0,0,0,0,0,0,0,0,0,0,0,0,
RUT_SMALL_PHASE kind=3 sum_us=0 max_us=0 hist=0,0,0,0,0,0,0,0,0,0,0,0,0,0,0,0,0,0,0,0,0,0,0,0,0,0,0,0,0,0,0,0,
RUT_PHASE_STATS cq_calls=97988 cq_bytes=6070328260 cq_ns=983021309 flush_ns=6317934933
RUT_PIPE_STATS large=260 small=0
RUT_SPLICE_STATS read_calls=371849 write_calls=370014 read_eagain=1835 write_eagain=0 read_short=6204 write_short=0 budget_write_polls=0
RUT_WAIT_STATS kind=0 sum_ns=14025172 max_ns=151521 hist=105,108,1143,405,45,25,3,1,0,0,0,0,0,0,0,0,0,0,0,0,0,0,0,0,0,0,0,0,0,0,0,0,
RUT_WAIT_STATS kind=1 sum_ns=0 max_ns=0 hist=0,0,0,0,0,0,0,0,0,0,0,0,0,0,0,0,0,0,0,0,0,0,0,0,0,0,0,0,0,0,0,0,
RUT_WAIT_STATS kind=2 sum_ns=991573370405 max_ns=14168416 hist=412,65,128,29,31,33,59,25,3,47,1404,317221,2532,125,0,0,0,0,0,0,0,0,0,0,0,0,0,0,0,0,0,0,
RUT_SYSCALL_STATS kind=0 hist=733,820,2064,2052,133,8,0,0,0,0,0,0,0,0,0,0,0,0,0,0,0,0,0,0,0,0,0,0,0,0,0,0,
RUT_SYSCALL_STATS kind=1 hist=37,9,150,5378,181,26,0,0,0,0,0,0,0,0,0,0,0,0,0,0,0,0,0,0,0,0,0,0,0,0,0,0,
RUT_SCHED_STATS turns=93423 yields=16 calls=643875 probes=97000 inspected=10067 types=19,7268,0,0,2702,0,0,0,3,0,0,0,
RUT_IO_WAIT calls=93423 enters=73746 submitted=139084 events=184941 empty=13245 max_events=128
Shutdown complete.
