static-close-nginx-r1 100 exact responses + EOF PASS
{"requests": 115202, "seconds": 8.099442, "rps": 14223.448973398416, "p50_us": 20.0, "p95_us": 22.0, "p99_us": 38.0, "errors": {"connect": 0, "read": 0, "write": 0, "status": 0, "timeout": 0}, "client_cpu_seconds": 4.68, "workload": "static", "connection": "close", "engine": "nginx", "rep": 1, "concurrency": 1, "server_cpu_pct": 30.24899740006781, "origin_cpu_pct": 0.0, "server_rss_bytes": 16138240}
{"requests": 358812, "seconds": 8.10005, "rps": 44297.50433639299, "p50_us": 293.0, "p95_us": 556.0, "p99_us": 647.0, "errors": {"connect": 0, "read": 0, "write": 0, "status": 0, "timeout": 0}, "client_cpu_seconds": 8.72, "workload": "static", "connection": "close", "engine": "nginx", "rep": 1, "concurrency": 32, "server_cpu_pct": 59.876173603866654, "origin_cpu_pct": 0.0, "server_rss_bytes": 16138240}
{"requests": 359507, "seconds": 8.027147, "rps": 44786.397956833236, "p50_us": 1141.0, "p95_us": 2085.0, "p99_us": 2306.0, "errors": {"connect": 0, "read": 0, "write": 0, "status": 0, "timeout": 0}, "client_cpu_seconds": 8.66, "workload": "static", "connection": "close", "engine": "nginx", "rep": 1, "concurrency": 128, "server_cpu_pct": 57.67927259834658, "origin_cpu_pct": 0.0, "server_rss_bytes": 16138240}
static-close-rut-r1 100 exact responses + EOF PASS
{"requests": 114853, "seconds": 8.099573, "rps": 14180.130236495184, "p50_us": 26.0, "p95_us": 29.0, "p99_us": 51.0, "errors": {"connect": 0, "read": 0, "write": 0, "status": 0, "timeout": 0}, "client_cpu_seconds": 4.3999999999999995, "workload": "static", "connection": "close", "engine": "rut", "rep": 1, "concurrency": 1, "server_cpu_pct": 47.53336996900948, "origin_cpu_pct": 0.0, "server_rss_bytes": 132960256}
{"requests": 198804, "seconds": 8.007099, "rps": 24828.467838351942, "p50_us": 734.0, "p95_us": 1647.0, "p99_us": 2863.0, "errors": {"connect": 0, "read": 0, "write": 0, "status": 0, "timeout": 0}, "client_cpu_seconds": 11.28, "workload": "static", "connection": "close", "engine": "rut", "rep": 1, "concurrency": 32, "server_cpu_pct": 48.95655717507675, "origin_cpu_pct": 0.0, "server_rss_bytes": 133091328}
{"requests": 227597, "seconds": 8.076279, "rps": 28180.923417826452, "p50_us": 2329.0, "p95_us": 6298.0, "p99_us": 10244.0, "errors": {"connect": 0, "read": 0, "write": 0, "status": 0, "timeout": 0}, "client_cpu_seconds": 11.18, "workload": "static", "connection": "close", "engine": "rut", "rep": 1, "concurrency": 128, "server_cpu_pct": 51.5088693691736, "origin_cpu_pct": 0.0, "server_rss_bytes": 133091328}
static-close-rut-r2 100 exact responses + EOF PASS
{"requests": 114828, "seconds": 8.100045, "rps": 14176.217539532188, "p50_us": 26.0, "p95_us": 29.0, "p99_us": 50.0, "errors": {"connect": 0, "read": 0, "write": 0, "status": 0, "timeout": 0}, "client_cpu_seconds": 4.390000000000001, "workload": "static", "connection": "close", "engine": "rut", "rep": 2, "concurrency": 1, "server_cpu_pct": 47.777512347153625, "origin_cpu_pct": 0.0, "server_rss_bytes": 132837376}
{"requests": 202882, "seconds": 8.023821, "rps": 25284.96086839425, "p50_us": 741.0, "p95_us": 1561.0, "p99_us": 2711.0, "errors": {"connect": 0, "read": 0, "write": 0, "status": 0, "timeout": 0}, "client_cpu_seconds": 11.139999999999999, "workload": "static", "connection": "close", "engine": "rut", "rep": 2, "concurrency": 32, "server_cpu_pct": 49.97618964829849, "origin_cpu_pct": 0.0, "server_rss_bytes": 132968448}
{"requests": 238955, "seconds": 8.067256, "rps": 29620.35666154638, "p50_us": 2233.0, "p95_us": 5838.0, "p99_us": 10144.0, "errors": {"connect": 0, "read": 0, "write": 0, "status": 0, "timeout": 0}, "client_cpu_seconds": 10.92, "workload": "static", "connection": "close", "engine": "rut", "rep": 2, "concurrency": 128, "server_cpu_pct": 54.04563831865508, "origin_cpu_pct": 0.0, "server_rss_bytes": 132968448}
static-close-nginx-r2 100 exact responses + EOF PASS
{"requests": 113865, "seconds": 8.002458, "rps": 14228.753215574514, "p50_us": 21.0, "p95_us": 23.0, "p99_us": 42.0, "errors": {"connect": 0, "read": 0, "write": 0, "status": 0, "timeout": 0}, "client_cpu_seconds": 4.57, "workload": "static", "connection": "close", "engine": "nginx", "rep": 2, "concurrency": 1, "server_cpu_pct": 30.365670147847066, "origin_cpu_pct": 0.0, "server_rss_bytes": 16330752}
{"requests": 352718, "seconds": 8.099748, "rps": 43546.786887690825, "p50_us": 298.0, "p95_us": 578.0, "p99_us": 711.0, "errors": {"connect": 0, "read": 0, "write": 0, "status": 0, "timeout": 0}, "client_cpu_seconds": 8.74, "workload": "static", "connection": "close", "engine": "nginx", "rep": 2, "concurrency": 32, "server_cpu_pct": 60.37224861810515, "origin_cpu_pct": 0.0, "server_rss_bytes": 16330752}
{"requests": 351836, "seconds": 8.028104, "rps": 43825.54087490645, "p50_us": 1165.0, "p95_us": 2146.0, "p99_us": 2453.0, "errors": {"connect": 0, "read": 0, "write": 0, "status": 0, "timeout": 0}, "client_cpu_seconds": 8.67, "workload": "static", "connection": "close", "engine": "nginx", "rep": 2, "concurrency": 128, "server_cpu_pct": 57.29870963305905, "origin_cpu_pct": 0.0, "server_rss_bytes": 16330752}
static-close-nginx-r3 100 exact responses + EOF PASS
{"requests": 113767, "seconds": 8.000185, "rps": 14220.546149870284, "p50_us": 20.0, "p95_us": 23.0, "p99_us": 41.0, "errors": {"connect": 0, "read": 0, "write": 0, "status": 0, "timeout": 0}, "client_cpu_seconds": 4.59, "workload": "static", "connection": "close", "engine": "nginx", "rep": 3, "concurrency": 1, "server_cpu_pct": 30.374297594368134, "origin_cpu_pct": 0.0, "server_rss_bytes": 16236544}
{"requests": 359873, "seconds": 8.099813, "rps": 44429.79115690696, "p50_us": 290.0, "p95_us": 552.0, "p99_us": 647.0, "errors": {"connect": 0, "read": 0, "write": 0, "status": 0, "timeout": 0}, "client_cpu_seconds": 8.75, "workload": "static", "connection": "close", "engine": "nginx", "rep": 3, "concurrency": 32, "server_cpu_pct": 59.50754665570674, "origin_cpu_pct": 0.0, "server_rss_bytes": 16236544}
{"requests": 357470, "seconds": 8.019774, "rps": 44573.5752653379, "p50_us": 1138.0, "p95_us": 2099.0, "p99_us": 2418.0, "errors": {"connect": 0, "read": 0, "write": 0, "status": 0, "timeout": 0}, "client_cpu_seconds": 8.66, "workload": "static", "connection": "close", "engine": "nginx", "rep": 3, "concurrency": 128, "server_cpu_pct": 56.98414942864974, "origin_cpu_pct": 0.0, "server_rss_bytes": 16236544}
static-close-rut-r3 100 exact responses + EOF PASS
{"requests": 114846, "seconds": 8.099498, "rps": 14179.397291041987, "p50_us": 26.0, "p95_us": 29.0, "p99_us": 50.0, "errors": {"connect": 0, "read": 0, "write": 0, "status": 0, "timeout": 0}, "client_cpu_seconds": 4.3999999999999995, "workload": "static", "connection": "close", "engine": "rut", "rep": 3, "concurrency": 1, "server_cpu_pct": 47.657274561954324, "origin_cpu_pct": 0.0, "server_rss_bytes": 132894720}
{"requests": 197630, "seconds": 8.008864, "rps": 24676.408539338412, "p50_us": 754.0, "p95_us": 1630.0, "p99_us": 2803.0, "errors": {"connect": 0, "read": 0, "write": 0, "status": 0, "timeout": 0}, "client_cpu_seconds": 11.25, "workload": "static", "connection": "close", "engine": "rut", "rep": 3, "concurrency": 32, "server_cpu_pct": 48.571183129092965, "origin_cpu_pct": 0.0, "server_rss_bytes": 133025792}
{"requests": 219162, "seconds": 8.073993, "rps": 27144.189993724296, "p50_us": 2416.0, "p95_us": 6670.0, "p99_us": 11581.0, "errors": {"connect": 0, "read": 0, "write": 0, "status": 0, "timeout": 0}, "client_cpu_seconds": 11.209999999999999, "workload": "static", "connection": "close", "engine": "rut", "rep": 3, "concurrency": 128, "server_cpu_pct": 50.16105414012619, "origin_cpu_pct": 0.0, "server_rss_bytes": 133025792}
static-keepalive-nginx-r1 100 exact responses + EOF PASS
static-keepalive-nginx-r1 100 reused-connection responses PASS
{"requests": 422636, "seconds": 8.100109, "rps": 52176.581821306354, "p50_us": 18.0, "p95_us": 20.0, "p99_us": 44.0, "errors": {"connect": 0, "read": 0, "write": 0, "status": 0, "timeout": 0}, "client_cpu_seconds": 2.8400000000000003, "workload": "static", "connection": "keepalive", "engine": "nginx", "rep": 1, "concurrency": 1, "server_cpu_pct": 46.7894938203918, "origin_cpu_pct": 0.0, "server_rss_bytes": 16314368}
{"requests": 1091810, "seconds": 8.099883, "rps": 134793.30503909747, "p50_us": 232.0, "p95_us": 262.0, "p99_us": 350.0, "errors": {"connect": 0, "read": 0, "write": 0, "status": 0, "timeout": 0}, "client_cpu_seconds": 6.590000000000001, "workload": "static", "connection": "keepalive", "engine": "nginx", "rep": 1, "concurrency": 32, "server_cpu_pct": 66.29725392329742, "origin_cpu_pct": 0.0, "server_rss_bytes": 16314368}
{"requests": 1062735, "seconds": 8.017213, "rps": 132556.6627704665, "p50_us": 947.0, "p95_us": 1026.0, "p99_us": 1619.0, "errors": {"connect": 0, "read": 0, "write": 0, "status": 0, "timeout": 0}, "client_cpu_seconds": 7.01, "workload": "static", "connection": "keepalive", "engine": "nginx", "rep": 1, "concurrency": 128, "server_cpu_pct": 65.98302926465841, "origin_cpu_pct": 0.0, "server_rss_bytes": 16314368}
static-keepalive-rut-r1 100 exact responses + EOF PASS
static-keepalive-rut-r1 100 reused-connection responses PASS
{"requests": 376260, "seconds": 8.100016, "rps": 46451.7600952887, "p50_us": 20.0, "p95_us": 23.0, "p99_us": 47.0, "errors": {"connect": 0, "read": 6, "write": 0, "status": 0, "timeout": 0}, "client_cpu_seconds": 2.51, "workload": "static", "connection": "keepalive", "engine": "rut", "rep": 1, "concurrency": 1, "server_cpu_pct": 51.481379789867084, "origin_cpu_pct": 0.0, "server_rss_bytes": 132902912}
Traceback (most recent call last):
  File "<local-benchmark>/benchmark.py", line 128, in <module>
    if __name__=='__main__':main()
                            ~~~~^^
  File "<local-benchmark>/benchmark.py", line 118, in main
    if any(res['errors'].values()):raise RuntimeError('benchmark had errors; retained result')
                                   ^^^^^^^^^^^^^^^^^^^^^^^^^^^^^^^^^^^^^^^^^^^^^^^^^^^^^^^^^^^
RuntimeError: benchmark had errors; retained result
