static-close-nginx-r1 100 exact responses + EOF PASS
{"requests": 115202, "seconds": 8.099442, "rps": 14223.448973398416, "p50_us": 20.0, "p95_us": 22.0, "p99_us": 38.0, "errors": {"connect": 0, "read": 0, "write": 0, "status": 0, "timeout": 0}, "client_cpu_seconds": 4.68, "workload": "static", "connection": "close", "engine": "nginx", "rep": 1, "concurrency": 1, "server_cpu_pct": 30.24899740006781, "origin_cpu_pct": 0.0, "server_rss_bytes": 16138240}
{"requests": 358812, "seconds": 8.10005, "rps": 44297.50433639299, "p50_us": 293.0, "p95_us": 556.0, "p99_us": 647.0, "errors": {"connect": 0, "read": 0, "write": 0, "status": 0, "timeout": 0}, "client_cpu_seconds": 8.72, "workload": "static", "connection": "close", "engine": "nginx", "rep": 1, "concurrency": 32, "server_cpu_pct": 59.876173603866654, "origin_cpu_pct": 0.0, "server_rss_bytes": 16138240}
{"requests": 359507, "seconds": 8.027147, "rps": 44786.397956833236, "p50_us": 1141.0, "p95_us": 2085.0, "p99_us": 2306.0, "errors": {"connect": 0, "read": 0, "write": 0, "status": 0, "timeout": 0}, "client_cpu_seconds": 8.66, "workload": "static", "connection": "close", "engine": "nginx", "rep": 1, "concurrency": 128, "server_cpu_pct": 57.67927259834658, "origin_cpu_pct": 0.0, "server_rss_bytes": 16138240}
static-close-rut-r1 100 exact responses + EOF PASS
{"requests": 114853, "seconds": 8.099573, "rps": 14180.130236495184, "p50_us": 26.0, "p95_us": 29.0, "p99_us": 51.0, "errors": {"connect": 0, "read": 0, "write": 0, "status": 0, "timeout": 0}, "client_cpu_seconds": 4.3999999999999995, "workload": "static", "connection": "close", "engine": "rut", "rep": 1, "concurrency": 1, "server_cpu_pct": 47.53336996900948, "origin_cpu_pct": 0.0, "server_rss_bytes": 132960256}
{"requests": 198804, "seconds": 8.007099, "rps": 24828.467838351942, "p50_us": 734.0, "p95_us": 1647.0, "p99_us": 2863.0, "errors": {"connect": 0, "read": 0, "write": 0, "status": 0, "timeout": 0}, "client_cpu_seconds": 11.28, "workload": "static", "connection": "close", "engine": "rut", "rep": 1, "concurrency": 32, "server_cpu_pct": 48.95655717507675, "origin_cpu_pct": 0.0, "server_rss_bytes": 133091328}
{"requests": 227597, "seconds": 8.076279, "rps": 28180.923417826452, "p50_us": 2329.0, "p95_us": 6298.0, "p99_us": 10244.0, "errors": {"connect": 0, "read": 0, "write": 0, "status": 0, "timeout": 0}, "client_cpu_seconds": 11.18, "workload": "static", "connection": "close", "engine": "rut", "rep": 1, "concurrency": 128, "server_cpu_pct": 51.5088693691736, "origin_cpu_pct": 0.0, "server_rss_bytes": 133091328}
static-close-rut-r2 100 exact responses + EOF PASS
{"requests": 114828, "seconds": 8.100045, "rps": 14176.217539532188, "p50_us": 26.0, "p95_us": 29.0, "p99_us": 50.0, "errors": {"connect": 0, "read": 0, "write": 0, "status": 0, "timeout": 0}, "client_cpu_seconds": 4.390000000000001, "workload": "static", "connection": "close", "engine": "rut", "rep": 2, "concurrency": 1, "server_cpu_pct": 47.777512347153625, "origin_cpu_pct": 0.0, "server_rss_bytes": 132837376}
{"requests": 202882, "seconds": 8.023821, "rps": 25284.96086839425, "p50_us": 741.0, "p95_us": 1561.0, "p99_us": 2711.0, "errors": {"connect": 0, "read": 0, "write": 0, "status": 0, "timeout": 0}, "client_cpu_seconds": 11.139999999999999, "workload": "static", "connection": "close", "engine": "rut", "rep": 2, "concurrency": 32, "server_cpu_pct": 49.97618964829849, "origin_cpu_pct": 0.0, "server_rss_bytes": 132968448}
{"requests": 238955, "seconds": 8.067256, "rps": 29620.35666154638, "p50_us": 2233.0, "p95_us": 5838.0, "p99_us": 10144.0, "errors": {"connect": 0, "read": 0, "write": 0, "status": 0, "timeout": 0}, "client_cpu_seconds": 10.92, "workload": "static", "connection": "close", "engine": "rut", "rep": 2, "concurrency": 128, "server_cpu_pct": 54.04563831865508, "origin_cpu_pct": 0.0, "server_rss_bytes": 132968448}
static-close-nginx-r2 100 exact responses + EOF PASS
{"requests": 113865, "seconds": 8.002458, "rps": 14228.753215574514, "p50_us": 21.0, "p95_us": 23.0, "p99_us": 42.0, "errors": {"connect": 0, "read": 0, "write": 0, "status": 0, "timeout": 0}, "client_cpu_seconds": 4.57, "workload": "static", "connection": "close", "engine": "nginx", "rep": 2, "concurrency": 1, "server_cpu_pct": 30.365670147847066, "origin_cpu_pct": 0.0, "server_rss_bytes": 16330752}
{"requests": 352718, "seconds": 8.099748, "rps": 43546.786887690825, "p50_us": 298.0, "p95_us": 578.0, "p99_us": 711.0, "errors": {"connect": 0, "read": 0, "write": 0, "status": 0, "timeout": 0}, "client_cpu_seconds": 8.74, "workload": "static", "connection": "close", "engine": "nginx", "rep": 2, "concurrency": 32, "server_cpu_pct": 60.37224861810515, "origin_cpu_pct": 0.0, "server_rss_bytes": 16330752}
{"requests": 351836, "seconds": 8.028104, "rps": 43825.54087490645, "p50_us": 1165.0, "p95_us": 2146.0, "p99_us": 2453.0, "errors": {"connect": 0, "read": 0, "write": 0, "status": 0, "timeout": 0}, "client_cpu_seconds": 8.67, "workload": "static", "connection": "close", "engine": "nginx", "rep": 2, "concurrency": 128, "server_cpu_pct": 57.29870963305905, "origin_cpu_pct": 0.0, "server_rss_bytes": 16330752}
static-close-nginx-r3 100 exact responses + EOF PASS
{"requests": 113767, "seconds": 8.000185, "rps": 14220.546149870284, "p50_us": 20.0, "p95_us": 23.0, "p99_us": 41.0, "errors": {"connect": 0, "read": 0, "write": 0, "status": 0, "timeout": 0}, "client_cpu_seconds": 4.59, "workload": "static", "connection": "close", "engine": "nginx", "rep": 3, "concurrency": 1, "server_cpu_pct": 30.374297594368134, "origin_cpu_pct": 0.0, "server_rss_bytes": 16236544}
{"requests": 359873, "seconds": 8.099813, "rps": 44429.79115690696, "p50_us": 290.0, "p95_us": 552.0, "p99_us": 647.0, "errors": {"connect": 0, "read": 0, "write": 0, "status": 0, "timeout": 0}, "client_cpu_seconds": 8.75, "workload": "static", "connection": "close", "engine": "nginx", "rep": 3, "concurrency": 32, "server_cpu_pct": 59.50754665570674, "origin_cpu_pct": 0.0, "server_rss_bytes": 16236544}
{"requests": 357470, "seconds": 8.019774, "rps": 44573.5752653379, "p50_us": 1138.0, "p95_us": 2099.0, "p99_us": 2418.0, "errors": {"connect": 0, "read": 0, "write": 0, "status": 0, "timeout": 0}, "client_cpu_seconds": 8.66, "workload": "static", "connection": "close", "engine": "nginx", "rep": 3, "concurrency": 128, "server_cpu_pct": 56.98414942864974, "origin_cpu_pct": 0.0, "server_rss_bytes": 16236544}
static-close-rut-r3 100 exact responses + EOF PASS
{"requests": 114846, "seconds": 8.099498, "rps": 14179.397291041987, "p50_us": 26.0, "p95_us": 29.0, "p99_us": 50.0, "errors": {"connect": 0, "read": 0, "write": 0, "status": 0, "timeout": 0}, "client_cpu_seconds": 4.3999999999999995, "workload": "static", "connection": "close", "engine": "rut", "rep": 3, "concurrency": 1, "server_cpu_pct": 47.657274561954324, "origin_cpu_pct": 0.0, "server_rss_bytes": 132894720}
{"requests": 197630, "seconds": 8.008864, "rps": 24676.408539338412, "p50_us": 754.0, "p95_us": 1630.0, "p99_us": 2803.0, "errors": {"connect": 0, "read": 0, "write": 0, "status": 0, "timeout": 0}, "client_cpu_seconds": 11.25, "workload": "static", "connection": "close", "engine": "rut", "rep": 3, "concurrency": 32, "server_cpu_pct": 48.571183129092965, "origin_cpu_pct": 0.0, "server_rss_bytes": 133025792}
{"requests": 219162, "seconds": 8.073993, "rps": 27144.189993724296, "p50_us": 2416.0, "p95_us": 6670.0, "p99_us": 11581.0, "errors": {"connect": 0, "read": 0, "write": 0, "status": 0, "timeout": 0}, "client_cpu_seconds": 11.209999999999999, "workload": "static", "connection": "close", "engine": "rut", "rep": 3, "concurrency": 128, "server_cpu_pct": 50.16105414012619, "origin_cpu_pct": 0.0, "server_rss_bytes": 133025792}
static-keepalive-nginx-r1 100 exact responses + EOF PASS
static-keepalive-nginx-r1 100 reused-connection responses PASS
{"requests": 422636, "seconds": 8.100109, "rps": 52176.581821306354, "p50_us": 18.0, "p95_us": 20.0, "p99_us": 44.0, "errors": {"connect": 0, "read": 0, "write": 0, "status": 0, "timeout": 0}, "client_cpu_seconds": 2.8400000000000003, "workload": "static", "connection": "keepalive", "engine": "nginx", "rep": 1, "concurrency": 1, "server_cpu_pct": 46.7894938203918, "origin_cpu_pct": 0.0, "server_rss_bytes": 16314368}
{"requests": 1091810, "seconds": 8.099883, "rps": 134793.30503909747, "p50_us": 232.0, "p95_us": 262.0, "p99_us": 350.0, "errors": {"connect": 0, "read": 0, "write": 0, "status": 0, "timeout": 0}, "client_cpu_seconds": 6.590000000000001, "workload": "static", "connection": "keepalive", "engine": "nginx", "rep": 1, "concurrency": 32, "server_cpu_pct": 66.29725392329742, "origin_cpu_pct": 0.0, "server_rss_bytes": 16314368}
{"requests": 1062735, "seconds": 8.017213, "rps": 132556.6627704665, "p50_us": 947.0, "p95_us": 1026.0, "p99_us": 1619.0, "errors": {"connect": 0, "read": 0, "write": 0, "status": 0, "timeout": 0}, "client_cpu_seconds": 7.01, "workload": "static", "connection": "keepalive", "engine": "nginx", "rep": 1, "concurrency": 128, "server_cpu_pct": 65.98302926465841, "origin_cpu_pct": 0.0, "server_rss_bytes": 16314368}
static-keepalive-rut-r1 100 exact responses + EOF PASS
static-keepalive-rut-r1 100 reused-connection responses PASS
{"requests": 376260, "seconds": 8.100016, "rps": 46451.7600952887, "p50_us": 20.0, "p95_us": 23.0, "p99_us": 47.0, "errors": {"connect": 0, "read": 6, "write": 0, "status": 0, "timeout": 0}, "client_cpu_seconds": 2.51, "workload": "static", "connection": "keepalive", "engine": "rut", "rep": 1, "concurrency": 1, "server_cpu_pct": 51.481379789867084, "origin_cpu_pct": 0.0, "server_rss_bytes": 132902912}
Traceback (most recent call last):
  File "<local-benchmark>/benchmark.py", line 128, in <module>
    if __name__=='__main__':main()
                            ~~~~^^
  File "<local-benchmark>/benchmark.py", line 118, in main
    if any(res['errors'].values()):raise RuntimeError('benchmark had errors; retained result')
                                   ^^^^^^^^^^^^^^^^^^^^^^^^^^^^^^^^^^^^^^^^^^^^^^^^^^^^^^^^^^^
RuntimeError: benchmark had errors; retained result
static-keepalive-rut-r1 100 exact responses + EOF PASS
static-keepalive-rut-r1 100 reused-connection responses PASS
{"requests": 290430, "seconds": 8.099691, "rps": 35856.92343078273, "p50_us": 579.0, "p95_us": 718.0, "p99_us": 847.0, "errors": {"connect": 0, "read": 241244, "write": 0, "status": 0, "timeout": 0}, "client_cpu_seconds": 7.56, "workload": "static", "connection": "keepalive", "engine": "rut", "rep": 1, "concurrency": 32, "server_cpu_pct": 75.43497647009004, "origin_cpu_pct": 0.0, "server_rss_bytes": 133042176}
INVALID AS ERROR-FREE CAPACITY: errors retained for this measurement; continue independent cases
{"requests": 278574, "seconds": 8.018202, "rps": 34742.70166802981, "p50_us": 2434.0, "p95_us": 2767.0, "p99_us": 3531.0, "errors": {"connect": 0, "read": 258738, "write": 0, "status": 0, "timeout": 0}, "client_cpu_seconds": 7.8, "workload": "static", "connection": "keepalive", "engine": "rut", "rep": 1, "concurrency": 128, "server_cpu_pct": 75.32860858332081, "origin_cpu_pct": 0.0, "server_rss_bytes": 133435392}
INVALID AS ERROR-FREE CAPACITY: errors retained for this measurement; continue independent cases
static-keepalive-rut-r2 100 exact responses + EOF PASS
static-keepalive-rut-r2 100 reused-connection responses PASS
{"requests": 372608, "seconds": 8.099938, "rps": 46001.3397633414, "p50_us": 21.0, "p95_us": 23.0, "p99_us": 48.0, "errors": {"connect": 0, "read": 14, "write": 0, "status": 0, "timeout": 0}, "client_cpu_seconds": 2.4899999999999998, "workload": "static", "connection": "keepalive", "engine": "rut", "rep": 2, "concurrency": 1, "server_cpu_pct": 51.605333275390514, "origin_cpu_pct": 0.0, "server_rss_bytes": 132841472}
INVALID AS ERROR-FREE CAPACITY: errors retained for this measurement; continue independent cases
{"requests": 287692, "seconds": 8.0998, "rps": 35518.40786192252, "p50_us": 586.0, "p95_us": 725.0, "p99_us": 850.0, "errors": {"connect": 0, "read": 239650, "write": 0, "status": 0, "timeout": 0}, "client_cpu_seconds": 7.54, "workload": "static", "connection": "keepalive", "engine": "rut", "rep": 2, "concurrency": 32, "server_cpu_pct": 75.31050149386404, "origin_cpu_pct": 0.0, "server_rss_bytes": 132972544}
INVALID AS ERROR-FREE CAPACITY: errors retained for this measurement; continue independent cases
{"requests": 271396, "seconds": 8.014846, "rps": 33861.66122218692, "p50_us": 2521.0, "p95_us": 2835.0, "p99_us": 3521.0, "errors": {"connect": 0, "read": 250297, "write": 0, "status": 0, "timeout": 0}, "client_cpu_seconds": 7.779999999999999, "workload": "static", "connection": "keepalive", "engine": "rut", "rep": 2, "concurrency": 128, "server_cpu_pct": 75.36015040089353, "origin_cpu_pct": 0.0, "server_rss_bytes": 132972544}
INVALID AS ERROR-FREE CAPACITY: errors retained for this measurement; continue independent cases
static-keepalive-nginx-r2 100 exact responses + EOF PASS
static-keepalive-nginx-r2 100 reused-connection responses PASS
{"requests": 423706, "seconds": 8.099163, "rps": 52314.78857753572, "p50_us": 18.0, "p95_us": 20.0, "p99_us": 43.0, "errors": {"connect": 0, "read": 0, "write": 0, "status": 0, "timeout": 0}, "client_cpu_seconds": 2.8600000000000003, "workload": "static", "connection": "keepalive", "engine": "nginx", "rep": 2, "concurrency": 1, "server_cpu_pct": 46.05414164401926, "origin_cpu_pct": 0.0, "server_rss_bytes": 16343040}
{"requests": 1038012, "seconds": 8.09995, "rps": 128150.42068160915, "p50_us": 243.0, "p95_us": 290.0, "p99_us": 371.0, "errors": {"connect": 0, "read": 0, "write": 0, "status": 0, "timeout": 0}, "client_cpu_seconds": 6.44, "workload": "static", "connection": "keepalive", "engine": "nginx", "rep": 2, "concurrency": 32, "server_cpu_pct": 64.815214908734, "origin_cpu_pct": 0.0, "server_rss_bytes": 16343040}
{"requests": 1022031, "seconds": 8.017961, "rps": 127467.69409329879, "p50_us": 979.0, "p95_us": 1070.0, "p99_us": 2339.0, "errors": {"connect": 0, "read": 0, "write": 0, "status": 0, "timeout": 0}, "client_cpu_seconds": 6.05, "workload": "static", "connection": "keepalive", "engine": "nginx", "rep": 2, "concurrency": 128, "server_cpu_pct": 64.7296737911297, "origin_cpu_pct": 0.0, "server_rss_bytes": 16343040}
static-keepalive-nginx-r3 100 exact responses + EOF PASS
static-keepalive-nginx-r3 100 reused-connection responses PASS
{"requests": 420810, "seconds": 8.100041, "rps": 51951.58888701922, "p50_us": 18.0, "p95_us": 20.0, "p99_us": 42.0, "errors": {"connect": 0, "read": 0, "write": 0, "status": 0, "timeout": 0}, "client_cpu_seconds": 2.83, "workload": "static", "connection": "keepalive", "engine": "nginx", "rep": 3, "concurrency": 1, "server_cpu_pct": 47.03679894953618, "origin_cpu_pct": 0.0, "server_rss_bytes": 16080896}
{"requests": 1054506, "seconds": 8.099855, "rps": 130188.25645644274, "p50_us": 238.0, "p95_us": 285.0, "p99_us": 393.0, "errors": {"connect": 0, "read": 0, "write": 0, "status": 0, "timeout": 0}, "client_cpu_seconds": 6.47, "workload": "static", "connection": "keepalive", "engine": "nginx", "rep": 3, "concurrency": 32, "server_cpu_pct": 66.54440110347655, "origin_cpu_pct": 0.0, "server_rss_bytes": 16080896}
{"requests": 1043136, "seconds": 8.013231, "rps": 130176.70400366595, "p50_us": 960.0, "p95_us": 1061.0, "p99_us": 2105.0, "errors": {"connect": 0, "read": 0, "write": 0, "status": 0, "timeout": 0}, "client_cpu_seconds": 6.1499999999999995, "workload": "static", "connection": "keepalive", "engine": "nginx", "rep": 3, "concurrency": 128, "server_cpu_pct": 66.51499251675136, "origin_cpu_pct": 0.0, "server_rss_bytes": 16080896}
static-keepalive-rut-r3 100 exact responses + EOF PASS
static-keepalive-rut-r3 100 reused-connection responses PASS
{"requests": 374411, "seconds": 8.099177, "rps": 46228.27726817182, "p50_us": 21.0, "p95_us": 22.0, "p99_us": 46.0, "errors": {"connect": 0, "read": 2, "write": 0, "status": 0, "timeout": 0}, "client_cpu_seconds": 2.4899999999999998, "workload": "static", "connection": "keepalive", "engine": "rut", "rep": 3, "concurrency": 1, "server_cpu_pct": 51.61018212097353, "origin_cpu_pct": 0.0, "server_rss_bytes": 132780032}
INVALID AS ERROR-FREE CAPACITY: errors retained for this measurement; continue independent cases
{"requests": 289539, "seconds": 8.099785, "rps": 35746.50438252373, "p50_us": 582.0, "p95_us": 717.0, "p99_us": 801.0, "errors": {"connect": 0, "read": 240982, "write": 0, "status": 0, "timeout": 0}, "client_cpu_seconds": 7.550000000000001, "workload": "static", "connection": "keepalive", "engine": "rut", "rep": 3, "concurrency": 32, "server_cpu_pct": 75.31064096145761, "origin_cpu_pct": 0.0, "server_rss_bytes": 132911104}
INVALID AS ERROR-FREE CAPACITY: errors retained for this measurement; continue independent cases
{"requests": 280415, "seconds": 8.022274, "rps": 34954.552786404456, "p50_us": 2464.0, "p95_us": 2754.0, "p99_us": 3073.0, "errors": {"connect": 0, "read": 256116, "write": 0, "status": 0, "timeout": 0}, "client_cpu_seconds": 7.78, "workload": "static", "connection": "keepalive", "engine": "rut", "rep": 3, "concurrency": 128, "server_cpu_pct": 75.16571984452291, "origin_cpu_pct": 0.0, "server_rss_bytes": 133566464}
INVALID AS ERROR-FREE CAPACITY: errors retained for this measurement; continue independent cases
proxy-close-nginx-r1 100 exact responses + EOF PASS
{"requests": 61835, "seconds": 8.1, "rps": 7633.950617283951, "p50_us": 87.0, "p95_us": 102.0, "p99_us": 139.0, "errors": {"connect": 0, "read": 0, "write": 0, "status": 0, "timeout": 0}, "client_cpu_seconds": 1.9600000000000002, "workload": "proxy", "connection": "close", "engine": "nginx", "rep": 1, "concurrency": 1, "server_cpu_pct": 43.086419753086425, "origin_cpu_pct": 15.4320987654321, "server_rss_bytes": 16621568}
{"requests": 106545, "seconds": 8.099618, "rps": 13154.32406812272, "p50_us": 2355.0, "p95_us": 2500.0, "p99_us": 3078.0, "errors": {"connect": 0, "read": 0, "write": 0, "status": 0, "timeout": 0}, "client_cpu_seconds": 3.48, "workload": "proxy", "connection": "close", "engine": "nginx", "rep": 1, "concurrency": 32, "server_cpu_pct": 60.49668021380761, "origin_cpu_pct": 26.91484956451033, "server_rss_bytes": 16883712}
{"requests": 104967, "seconds": 8.01464, "rps": 13096.907658984059, "p50_us": 9576.0, "p95_us": 10026.0, "p99_us": 12682.0, "errors": {"connect": 0, "read": 0, "write": 0, "status": 0, "timeout": 0}, "client_cpu_seconds": 3.48, "workload": "proxy", "connection": "close", "engine": "nginx", "rep": 1, "concurrency": 128, "server_cpu_pct": 60.514258906201626, "origin_cpu_pct": 26.950680255133108, "server_rss_bytes": 17293312}
proxy-close-rut-r1 100 exact responses + EOF PASS
{"requests": 34175, "seconds": 8.099867, "rps": 4219.205080774783, "p50_us": 198.0, "p95_us": 231.0, "p99_us": 284.0, "errors": {"connect": 0, "read": 0, "write": 0, "status": 0, "timeout": 0}, "client_cpu_seconds": 1.08, "workload": "proxy", "connection": "close", "engine": "rut", "rep": 1, "concurrency": 1, "server_cpu_pct": 79.87785478452918, "origin_cpu_pct": 8.765576027359462, "server_rss_bytes": 136204288}
{"requests": 72486, "seconds": 8.100088, "rps": 8948.791667448551, "p50_us": 3323.0, "p95_us": 3627.0, "p99_us": 4213.0, "errors": {"connect": 0, "read": 4535, "write": 0, "status": 0, "timeout": 0}, "client_cpu_seconds": 2.1799999999999997, "workload": "proxy", "connection": "close", "engine": "rut", "rep": 1, "concurrency": 32, "server_cpu_pct": 68.88814047452324, "origin_cpu_pct": 14.444287518851647, "server_rss_bytes": 136335360}
INVALID AS ERROR-FREE CAPACITY: errors retained for this measurement; continue independent cases
{"requests": 82699, "seconds": 8.013729, "rps": 10319.665164619368, "p50_us": 11609.0, "p95_us": 13298.0, "p99_us": 17960.0, "errors": {"connect": 0, "read": 1975, "write": 0, "status": 0, "timeout": 0}, "client_cpu_seconds": 2.25, "workload": "proxy", "connection": "close", "engine": "rut", "rep": 1, "concurrency": 128, "server_cpu_pct": 66.63564490388931, "origin_cpu_pct": 15.099088077473036, "server_rss_bytes": 138170368}
INVALID AS ERROR-FREE CAPACITY: errors retained for this measurement; continue independent cases
proxy-close-rut-r2 100 exact responses + EOF PASS
{"requests": 34227, "seconds": 8.10009, "rps": 4225.50860545994, "p50_us": 199.0, "p95_us": 229.0, "p99_us": 288.0, "errors": {"connect": 0, "read": 0, "write": 0, "status": 0, "timeout": 0}, "client_cpu_seconds": 1.08, "workload": "proxy", "connection": "close", "engine": "rut", "rep": 2, "concurrency": 1, "server_cpu_pct": 79.87565570259096, "origin_cpu_pct": 8.765334706157576, "server_rss_bytes": 136105984}
{"requests": 74101, "seconds": 8.099986, "rps": 9148.287416793066, "p50_us": 3321.0, "p95_us": 3649.0, "p99_us": 4358.0, "errors": {"connect": 0, "read": 2456, "write": 0, "status": 0, "timeout": 0}, "client_cpu_seconds": 2.17, "workload": "proxy", "connection": "close", "engine": "rut", "rep": 2, "concurrency": 32, "server_cpu_pct": 68.76555095280412, "origin_cpu_pct": 14.444469410194065, "server_rss_bytes": 136237056}
INVALID AS ERROR-FREE CAPACITY: errors retained for this measurement; continue independent cases
{"requests": 82190, "seconds": 8.024155, "rps": 10242.823076074677, "p50_us": 11676.0, "p95_us": 13397.0, "p99_us": 17679.0, "errors": {"connect": 0, "read": 1995, "write": 0, "status": 0, "timeout": 0}, "client_cpu_seconds": 2.24, "workload": "proxy", "connection": "close", "engine": "rut", "rep": 2, "concurrency": 128, "server_cpu_pct": 66.5490634216313, "origin_cpu_pct": 14.954845712726128, "server_rss_bytes": 137285632}
INVALID AS ERROR-FREE CAPACITY: errors retained for this measurement; continue independent cases
proxy-close-nginx-r2 100 exact responses + EOF PASS
{"requests": 62102, "seconds": 8.100085, "rps": 7666.833125825223, "p50_us": 87.0, "p95_us": 98.0, "p99_us": 135.0, "errors": {"connect": 0, "read": 0, "write": 0, "status": 0, "timeout": 0}, "client_cpu_seconds": 1.97, "workload": "proxy", "connection": "close", "engine": "nginx", "rep": 2, "concurrency": 1, "server_cpu_pct": 42.71560113258071, "origin_cpu_pct": 15.555392319957132, "server_rss_bytes": 16347136}
{"requests": 108696, "seconds": 8.100231, "rps": 13418.87657277922, "p50_us": 2308.0, "p95_us": 2440.0, "p99_us": 2909.0, "errors": {"connect": 0, "read": 0, "write": 0, "status": 0, "timeout": 0}, "client_cpu_seconds": 3.56, "workload": "proxy", "connection": "close", "engine": "nginx", "rep": 2, "concurrency": 32, "server_cpu_pct": 60.24519547652406, "origin_cpu_pct": 27.406625811041668, "server_rss_bytes": 16609280}
{"requests": 107085, "seconds": 8.022492, "rps": 13348.096825774335, "p50_us": 9379.0, "p95_us": 9909.0, "p99_us": 11881.0, "errors": {"connect": 0, "read": 0, "write": 0, "status": 0, "timeout": 0}, "client_cpu_seconds": 3.54, "workload": "proxy", "connection": "close", "engine": "nginx", "rep": 2, "concurrency": 128, "server_cpu_pct": 60.081082037850585, "origin_cpu_pct": 27.298250967405156, "server_rss_bytes": 16752640}
proxy-close-nginx-r3 100 exact responses + EOF PASS
{"requests": 61995, "seconds": 8.099876, "rps": 7653.820873307196, "p50_us": 87.0, "p95_us": 102.0, "p99_us": 137.0, "errors": {"connect": 0, "read": 0, "write": 0, "status": 0, "timeout": 0}, "client_cpu_seconds": 1.97, "workload": "proxy", "connection": "close", "engine": "nginx", "rep": 3, "concurrency": 1, "server_cpu_pct": 42.96362067764987, "origin_cpu_pct": 15.555793693631871, "server_rss_bytes": 16080896}
{"requests": 108429, "seconds": 8.099551, "rps": 13387.038367929285, "p50_us": 2312.0, "p95_us": 2454.0, "p99_us": 2961.0, "errors": {"connect": 0, "read": 0, "write": 0, "status": 0, "timeout": 0}, "client_cpu_seconds": 3.56, "workload": "proxy", "connection": "close", "engine": "nginx", "rep": 3, "concurrency": 32, "server_cpu_pct": 60.126789744271, "origin_cpu_pct": 27.408926741741595, "server_rss_bytes": 16343040}
{"requests": 106638, "seconds": 8.016546, "rps": 13302.23764698662, "p50_us": 9426.0, "p95_us": 9951.0, "p99_us": 11837.0, "errors": {"connect": 0, "read": 0, "write": 0, "status": 0, "timeout": 0}, "client_cpu_seconds": 3.54, "workload": "proxy", "connection": "close", "engine": "nginx", "rep": 3, "concurrency": 128, "server_cpu_pct": 60.250387136804285, "origin_cpu_pct": 27.069014510738146, "server_rss_bytes": 16572416}
proxy-close-rut-r3 100 exact responses + EOF PASS
{"requests": 34251, "seconds": 8.099297, "rps": 4228.885544016968, "p50_us": 198.0, "p95_us": 234.0, "p99_us": 288.0, "errors": {"connect": 0, "read": 0, "write": 0, "status": 0, "timeout": 0}, "client_cpu_seconds": 1.07, "workload": "proxy", "connection": "close", "engine": "rut", "rep": 3, "concurrency": 1, "server_cpu_pct": 79.76000880076381, "origin_cpu_pct": 8.642725411847463, "server_rss_bytes": 136105984}
{"requests": 67967, "seconds": 8.00056, "rps": 8495.280330376874, "p50_us": 3347.0, "p95_us": 3660.0, "p99_us": 4372.0, "errors": {"connect": 0, "read": 8340, "write": 0, "status": 0, "timeout": 0}, "client_cpu_seconds": 2.17, "workload": "proxy", "connection": "close", "engine": "rut", "rep": 3, "concurrency": 32, "server_cpu_pct": 68.99517033807635, "origin_cpu_pct": 14.498985071045029, "server_rss_bytes": 136499200}
INVALID AS ERROR-FREE CAPACITY: errors retained for this measurement; continue independent cases
{"requests": 68293, "seconds": 8.014112, "rps": 8521.59291010657, "p50_us": 12278.0, "p95_us": 13317.0, "p99_us": 18797.0, "errors": {"connect": 0, "read": 15633, "write": 0, "status": 0, "timeout": 0}, "client_cpu_seconds": 2.35, "workload": "proxy", "connection": "close", "engine": "rut", "rep": 3, "concurrency": 128, "server_cpu_pct": 67.75547933445402, "origin_cpu_pct": 15.22314636980365, "server_rss_bytes": 137416704}
INVALID AS ERROR-FREE CAPACITY: errors retained for this measurement; continue independent cases
proxy-keepalive-nginx-r1 100 exact responses + EOF PASS
proxy-keepalive-nginx-r1 100 reused-connection responses PASS
{"requests": 90854, "seconds": 8.099962, "rps": 11216.595830943405, "p50_us": 86.0, "p95_us": 101.0, "p99_us": 152.0, "errors": {"connect": 0, "read": 0, "write": 0, "status": 0, "timeout": 0}, "client_cpu_seconds": 0.6499999999999999, "workload": "proxy", "connection": "keepalive", "engine": "nginx", "rep": 1, "concurrency": 1, "server_cpu_pct": 52.34592458581905, "origin_cpu_pct": 22.839613321642762, "server_rss_bytes": 16400384}
{"requests": 135746, "seconds": 8.100386, "rps": 16757.96684256775, "p50_us": 1880.0, "p95_us": 2001.0, "p99_us": 2580.0, "errors": {"connect": 0, "read": 0, "write": 0, "status": 0, "timeout": 0}, "client_cpu_seconds": 0.99, "workload": "proxy", "connection": "keepalive", "engine": "nginx", "rep": 1, "concurrency": 32, "server_cpu_pct": 58.63918089829299, "origin_cpu_pct": 28.640610459797845, "server_rss_bytes": 16662528}
{"requests": 132458, "seconds": 8.022248, "rps": 16511.331985747638, "p50_us": 7599.0, "p95_us": 8152.0, "p99_us": 14376.0, "errors": {"connect": 0, "read": 0, "write": 0, "status": 0, "timeout": 0}, "client_cpu_seconds": 0.98, "workload": "proxy", "connection": "keepalive", "engine": "nginx", "rep": 1, "concurrency": 128, "server_cpu_pct": 58.58706936010955, "origin_cpu_pct": 28.04700128941414, "server_rss_bytes": 17711104}
proxy-keepalive-rut-r1 100 exact responses + EOF PASS
proxy-keepalive-rut-r1 100 reused-connection responses PASS
{"requests": 0, "seconds": 8.000089, "rps": 0.0, "p50_us": 0.0, "p95_us": 0.0, "p99_us": 0.0, "errors": {"connect": 0, "read": 127935, "write": 0, "status": 0, "timeout": 0}, "client_cpu_seconds": 3.5900000000000003, "workload": "proxy", "connection": "keepalive", "engine": "rut", "rep": 1, "concurrency": 1, "server_cpu_pct": 37.49958281714116, "origin_cpu_pct": 0.0, "server_rss_bytes": 136069120}
INVALID AS ERROR-FREE CAPACITY: errors retained for this measurement; continue independent cases
{"requests": 0, "seconds": 8.100114, "rps": 0.0, "p50_us": 0.0, "p95_us": 0.0, "p99_us": 0.0, "errors": {"connect": 0, "read": 377225, "write": 0, "status": 0, "timeout": 0}, "client_cpu_seconds": 8.57, "workload": "proxy", "connection": "keepalive", "engine": "rut", "rep": 1, "concurrency": 32, "server_cpu_pct": 70.61629009171972, "origin_cpu_pct": 0.0, "server_rss_bytes": 136200192}
INVALID AS ERROR-FREE CAPACITY: errors retained for this measurement; continue independent cases
{"requests": 0, "seconds": 8.022351, "rps": 0.0, "p50_us": 0.0, "p95_us": 0.0, "p99_us": 0.0, "errors": {"connect": 0, "read": 374790, "write": 0, "status": 0, "timeout": 0}, "client_cpu_seconds": 8.66, "workload": "proxy", "connection": "keepalive", "engine": "rut", "rep": 1, "concurrency": 128, "server_cpu_pct": 67.68589407269764, "origin_cpu_pct": 0.0, "server_rss_bytes": 136200192}
INVALID AS ERROR-FREE CAPACITY: errors retained for this measurement; continue independent cases
proxy-keepalive-rut-r2 100 exact responses + EOF PASS
proxy-keepalive-rut-r2 100 reused-connection responses PASS
{"requests": 0, "seconds": 8.100092, "rps": 0.0, "p50_us": 0.0, "p95_us": 0.0, "p99_us": 0.0, "errors": {"connect": 0, "read": 128741, "write": 0, "status": 0, "timeout": 0}, "client_cpu_seconds": 3.63, "workload": "proxy", "connection": "keepalive", "engine": "rut", "rep": 2, "concurrency": 1, "server_cpu_pct": 37.283527150062, "origin_cpu_pct": 0.0, "server_rss_bytes": 136134656}
INVALID AS ERROR-FREE CAPACITY: errors retained for this measurement; continue independent cases
{"requests": 0, "seconds": 8.099769, "rps": 0.0, "p50_us": 0.0, "p95_us": 0.0, "p99_us": 0.0, "errors": {"connect": 0, "read": 375005, "write": 0, "status": 0, "timeout": 0}, "client_cpu_seconds": 8.559999999999999, "workload": "proxy", "connection": "keepalive", "engine": "rut", "rep": 2, "concurrency": 32, "server_cpu_pct": 70.61929790837245, "origin_cpu_pct": 0.0, "server_rss_bytes": 136265728}
INVALID AS ERROR-FREE CAPACITY: errors retained for this measurement; continue independent cases
{"requests": 0, "seconds": 8.026697, "rps": 0.0, "p50_us": 0.0, "p95_us": 0.0, "p99_us": 0.0, "errors": {"connect": 0, "read": 371543, "write": 0, "status": 0, "timeout": 0}, "client_cpu_seconds": 8.66, "workload": "proxy", "connection": "keepalive", "engine": "rut", "rep": 2, "concurrency": 128, "server_cpu_pct": 67.7738302567046, "origin_cpu_pct": 0.0, "server_rss_bytes": 136265728}
INVALID AS ERROR-FREE CAPACITY: errors retained for this measurement; continue independent cases
proxy-keepalive-nginx-r2 100 exact responses + EOF PASS
proxy-keepalive-nginx-r2 100 reused-connection responses PASS
{"requests": 90066, "seconds": 8.100088, "rps": 11119.138458742671, "p50_us": 87.0, "p95_us": 101.0, "p99_us": 150.0, "errors": {"connect": 0, "read": 0, "write": 0, "status": 0, "timeout": 0}, "client_cpu_seconds": 0.64, "workload": "proxy", "connection": "keepalive", "engine": "nginx", "rep": 2, "concurrency": 1, "server_cpu_pct": 52.715476671364556, "origin_cpu_pct": 22.592347144870505, "server_rss_bytes": 16064512}
{"requests": 133025, "seconds": 8.100139, "rps": 16422.557686973025, "p50_us": 1919.0, "p95_us": 2042.0, "p99_us": 2537.0, "errors": {"connect": 0, "read": 0, "write": 0, "status": 0, "timeout": 0}, "client_cpu_seconds": 0.98, "workload": "proxy", "connection": "keepalive", "engine": "nginx", "rep": 2, "concurrency": 32, "server_cpu_pct": 58.76442367223575, "origin_cpu_pct": 28.51802913505561, "server_rss_bytes": 16326656}
{"requests": 130681, "seconds": 8.01747, "rps": 16299.53089939844, "p50_us": 7701.0, "p95_us": 8248.0, "p99_us": 14290.0, "errors": {"connect": 0, "read": 0, "write": 0, "status": 0, "timeout": 0}, "client_cpu_seconds": 0.97, "workload": "proxy", "connection": "keepalive", "engine": "nginx", "rep": 2, "concurrency": 128, "server_cpu_pct": 58.87143949400496, "origin_cpu_pct": 28.31317111258285, "server_rss_bytes": 17375232}
proxy-keepalive-nginx-r3 100 exact responses + EOF PASS
proxy-keepalive-nginx-r3 100 reused-connection responses PASS
{"requests": 89907, "seconds": 8.100041, "rps": 11099.573446603543, "p50_us": 87.0, "p95_us": 102.0, "p99_us": 145.0, "errors": {"connect": 0, "read": 0, "write": 0, "status": 0, "timeout": 0}, "client_cpu_seconds": 0.64, "workload": "proxy", "connection": "keepalive", "engine": "nginx", "rep": 3, "concurrency": 1, "server_cpu_pct": 52.592326384520774, "origin_cpu_pct": 22.345565905160264, "server_rss_bytes": 16343040}
{"requests": 133734, "seconds": 8.100006, "rps": 16510.35814047545, "p50_us": 1905.0, "p95_us": 2057.0, "p99_us": 2694.0, "errors": {"connect": 0, "read": 0, "write": 0, "status": 0, "timeout": 0}, "client_cpu_seconds": 0.97, "workload": "proxy", "connection": "keepalive", "engine": "nginx", "rep": 3, "concurrency": 32, "server_cpu_pct": 58.64193187017392, "origin_cpu_pct": 28.518497393705662, "server_rss_bytes": 16605184}
{"requests": 131031, "seconds": 8.020593, "rps": 16336.821978125558, "p50_us": 7679.0, "p95_us": 8248.0, "p99_us": 14708.0, "errors": {"connect": 0, "read": 0, "write": 0, "status": 0, "timeout": 0}, "client_cpu_seconds": 0.97, "workload": "proxy", "connection": "keepalive", "engine": "nginx", "rep": 3, "concurrency": 128, "server_cpu_pct": 58.59915844127734, "origin_cpu_pct": 28.052788615505115, "server_rss_bytes": 17653760}
proxy-keepalive-rut-r3 100 exact responses + EOF PASS
proxy-keepalive-rut-r3 100 reused-connection responses PASS
{"requests": 0, "seconds": 8.099366, "rps": 0.0, "p50_us": 0.0, "p95_us": 0.0, "p99_us": 0.0, "errors": {"connect": 0, "read": 129313, "write": 0, "status": 0, "timeout": 0}, "client_cpu_seconds": 3.62, "workload": "proxy", "connection": "keepalive", "engine": "rut", "rep": 3, "concurrency": 1, "server_cpu_pct": 37.657268482496036, "origin_cpu_pct": 0.0, "server_rss_bytes": 136032256}
INVALID AS ERROR-FREE CAPACITY: errors retained for this measurement; continue independent cases
{"requests": 0, "seconds": 8.100057, "rps": 0.0, "p50_us": 0.0, "p95_us": 0.0, "p99_us": 0.0, "errors": {"connect": 0, "read": 375877, "write": 0, "status": 0, "timeout": 0}, "client_cpu_seconds": 8.57, "workload": "proxy", "connection": "keepalive", "engine": "rut", "rep": 3, "concurrency": 32, "server_cpu_pct": 70.74024293903118, "origin_cpu_pct": 0.0, "server_rss_bytes": 136163328}
INVALID AS ERROR-FREE CAPACITY: errors retained for this measurement; continue independent cases
{"requests": 0, "seconds": 8.02465, "rps": 0.0, "p50_us": 0.0, "p95_us": 0.0, "p99_us": 0.0, "errors": {"connect": 0, "read": 371056, "write": 0, "status": 0, "timeout": 0}, "client_cpu_seconds": 8.66, "workload": "proxy", "connection": "keepalive", "engine": "rut", "rep": 3, "concurrency": 128, "server_cpu_pct": 67.79111861576519, "origin_cpu_pct": 0.0, "server_rss_bytes": 136163328}
INVALID AS ERROR-FREE CAPACITY: errors retained for this measurement; continue independent cases
