acceptance profile: 96 cells, 3 repeat(s), 1s warmup + 5s measurement per engine; load budget 3456s (57.6 min), plus startup/validation/cleanup
http-16-static-close exit 0
http-16-static-keepalive exit 0
http-16-proxy-close exit 0
http-16-proxy-keepalive exit 0
http-1024-static-close exit 0
http-1024-static-keepalive exit 0
http-1024-proxy-close exit 0
http-1024-proxy-keepalive exit 0
http-65536-static-close exit 0
http-65536-static-keepalive exit 0
http-65536-proxy-close exit 0
http-65536-proxy-keepalive exit 0
http-1048576-static-close exit 0
http-1048576-static-keepalive exit 0
http-1048576-proxy-close exit 0
http-1048576-proxy-keepalive exit 0
https-16-static-close exit 0
https-16-static-keepalive exit 0
https-16-proxy-close exit 0
https-16-proxy-keepalive exit 0
https-1024-static-close exit 0
https-1024-static-keepalive exit 0
https-1024-proxy-close exit 0
https-1024-proxy-keepalive exit 0
https-65536-static-close exit 0
https-65536-static-keepalive exit 0
https-65536-proxy-close exit 0
https-65536-proxy-keepalive exit 0
https-1048576-static-close exit 0
https-1048576-static-keepalive exit 0
https-1048576-proxy-close exit 0
https-1048576-proxy-keepalive exit 0
