[  5%] Built target zstd_compress
[ 25%] Built target fipsmodule
[ 84%] Built target crypto
[ 93%] Built target ssl
[ 93%] Building CXX object src/CMakeFiles/rut_runtime.dir/runtime/callbacks.cc.o
In file included from /tmp/rut-ws-pr-20261010/src/runtime/callbacks.cc:4:
In file included from /tmp/rut-ws-pr-20261010/include/rut/runtime/callbacks_impl.h:7:
In file included from /tmp/rut-ws-pr-20261010/include/rut/runtime/callbacks_h2.h:18:
In file included from /tmp/rut-ws-pr-20261010/include/rut/runtime/http2_conn.h:8:
In file included from /tmp/rut-ws-pr-20261010/include/rut/runtime/route_table.h:15:
In file included from /tmp/rut-ws-pr-20261010/include/rut/runtime/rate_limit_key.h:3:
/tmp/rut-ws-pr-20261010/include/rut/common/rate_limit_key_spec.h:130:21: warning: enumeration values 'Ip', 'Query', and 'Param' not explicitly handled in switch [-Wswitch-enum]
  130 |             switch (k.comps[j].kind) {
      |                     ^~~~~~~~~~~~~~~
In file included from /tmp/rut-ws-pr-20261010/src/runtime/callbacks.cc:15:
/tmp/rut-ws-pr-20261010/include/rut/runtime/iouring_event_loop.h:1272:88: warning: '&&' within '||' [-Wlogical-op-parentheses]
 1272 |              (!complete_content_length_request_policy_is_admitted(c.request_policy_id) &&
      |               ~~~~~~~~~~~~~~~~~~~~~~~~~~~~~~~~~~~~~~~~~~~~~~~~~~~~~~~~~~~~~~~~~~~~~~~~~^~
 1273 |                   !bodyless_get_retained_policy ||
      |                   ~~~~~~~~~~~~~~~~~~~~~~~~~~~~~ ~~
/tmp/rut-ws-pr-20261010/include/rut/runtime/iouring_event_loop.h:1272:88: note: place parentheses around the '&&' expression to silence this warning
 1272 |              (!complete_content_length_request_policy_is_admitted(c.request_policy_id) &&
      |                                                                                        ^
      |               (
 1273 |                   !bodyless_get_retained_policy ||
      |                                                )
/tmp/rut-ws-pr-20261010/include/rut/runtime/iouring_event_loop.h:6277:34: warning: '&&' within '||' [-Wlogical-op-parentheses]
 6277 |             (!owner.saw_positive && (owner.positive_bytes != 0 || owner.first_copy_begin != 0 ||
      |              ~~~~~~~~~~~~~~~~~~~~^~~~~~~~~~~~~~~~~~~~~~~~~~~~~~~~~~~~~~~~~~~~~~~~~~~~~~~~~~~~~~~
 6278 |                                      owner.expected_copy_end != 0) ||
      |                                      ~~~~~~~~~~~~~~~~~~~~~~~~~~~~~ ~~
/tmp/rut-ws-pr-20261010/include/rut/runtime/iouring_event_loop.h:6277:34: note: place parentheses around the '&&' expression to silence this warning
 6277 |             (!owner.saw_positive && (owner.positive_bytes != 0 || owner.first_copy_begin != 0 ||
      |                                  ^
      |              (
 6278 |                                      owner.expected_copy_end != 0) ||
      |                                                                   )
/tmp/rut-ws-pr-20261010/include/rut/runtime/iouring_event_loop.h:6279:33: warning: '&&' within '||' [-Wlogical-op-parentheses]
 6278 |                                      owner.expected_copy_end != 0) ||
      |                                                                    ~~
 6279 |              owner.saw_positive &&
      |              ~~~~~~~~~~~~~~~~~~~^~
 6280 |                  (owner.positive_bytes > received ||
      |                  ~~~~~~~~~~~~~~~~~~~~~~~~~~~~~~~~~~~
 6281 |                   owner.first_copy_begin != header + received - owner.positive_bytes ||
      |                   ~~~~~~~~~~~~~~~~~~~~~~~~~~~~~~~~~~~~~~~~~~~~~~~~~~~~~~~~~~~~~~~~~~~~~
 6282 |                   owner.expected_copy_end != header + received)))
      |                   ~~~~~~~~~~~~~~~~~~~~~~~~~~~~~~~~~~~~~~~~~~~~~
/tmp/rut-ws-pr-20261010/include/rut/runtime/iouring_event_loop.h:6279:33: note: place parentheses around the '&&' expression to silence this warning
 6279 |              owner.saw_positive &&
      |                                 ^
      |              (
 6280 |                  (owner.positive_bytes > received ||
 6281 |                   owner.first_copy_begin != header + received - owner.positive_bytes ||
 6282 |                   owner.expected_copy_end != header + received)))
      |
      |                                                                )
4 warnings generated.
[ 94%] Linking CXX static library librut_runtime.a
[100%] Built target rut_runtime
[100%] Building CXX object tests/CMakeFiles/test_splice.dir/test_splice.cc.o
In file included from /tmp/rut-ws-pr-20261010/tests/test_splice.cc:2:
In file included from /tmp/rut-ws-pr-20261010/include/rut/runtime/epoll_event_loop.h:13:
In file included from /tmp/rut-ws-pr-20261010/include/rut/runtime/event_loop.h:19:
In file included from /tmp/rut-ws-pr-20261010/include/rut/runtime/route_table.h:15:
In file included from /tmp/rut-ws-pr-20261010/include/rut/runtime/rate_limit_key.h:3:
/tmp/rut-ws-pr-20261010/include/rut/common/rate_limit_key_spec.h:130:21: warning: enumeration values 'Ip', 'Query', and 'Param' not explicitly handled in switch [-Wswitch-enum]
  130 |             switch (k.comps[j].kind) {
      |                     ^~~~~~~~~~~~~~~
In file included from /tmp/rut-ws-pr-20261010/tests/test_splice.cc:3:
/tmp/rut-ws-pr-20261010/include/rut/runtime/iouring_event_loop.h:1272:88: warning: '&&' within '||' [-Wlogical-op-parentheses]
 1272 |              (!complete_content_length_request_policy_is_admitted(c.request_policy_id) &&
      |               ~~~~~~~~~~~~~~~~~~~~~~~~~~~~~~~~~~~~~~~~~~~~~~~~~~~~~~~~~~~~~~~~~~~~~~~~~^~
 1273 |                   !bodyless_get_retained_policy ||
      |                   ~~~~~~~~~~~~~~~~~~~~~~~~~~~~~ ~~
/tmp/rut-ws-pr-20261010/include/rut/runtime/iouring_event_loop.h:1272:88: note: place parentheses around the '&&' expression to silence this warning
 1272 |              (!complete_content_length_request_policy_is_admitted(c.request_policy_id) &&
      |                                                                                        ^
      |               (
 1273 |                   !bodyless_get_retained_policy ||
      |                                                )
/tmp/rut-ws-pr-20261010/include/rut/runtime/iouring_event_loop.h:6277:34: warning: '&&' within '||' [-Wlogical-op-parentheses]
 6277 |             (!owner.saw_positive && (owner.positive_bytes != 0 || owner.first_copy_begin != 0 ||
      |              ~~~~~~~~~~~~~~~~~~~~^~~~~~~~~~~~~~~~~~~~~~~~~~~~~~~~~~~~~~~~~~~~~~~~~~~~~~~~~~~~~~~
 6278 |                                      owner.expected_copy_end != 0) ||
      |                                      ~~~~~~~~~~~~~~~~~~~~~~~~~~~~~ ~~
/tmp/rut-ws-pr-20261010/include/rut/runtime/iouring_event_loop.h:6277:34: note: place parentheses around the '&&' expression to silence this warning
 6277 |             (!owner.saw_positive && (owner.positive_bytes != 0 || owner.first_copy_begin != 0 ||
      |                                  ^
      |              (
 6278 |                                      owner.expected_copy_end != 0) ||
      |                                                                   )
/tmp/rut-ws-pr-20261010/include/rut/runtime/iouring_event_loop.h:6279:33: warning: '&&' within '||' [-Wlogical-op-parentheses]
 6278 |                                      owner.expected_copy_end != 0) ||
      |                                                                    ~~
 6279 |              owner.saw_positive &&
      |              ~~~~~~~~~~~~~~~~~~~^~
 6280 |                  (owner.positive_bytes > received ||
      |                  ~~~~~~~~~~~~~~~~~~~~~~~~~~~~~~~~~~~
 6281 |                   owner.first_copy_begin != header + received - owner.positive_bytes ||
      |                   ~~~~~~~~~~~~~~~~~~~~~~~~~~~~~~~~~~~~~~~~~~~~~~~~~~~~~~~~~~~~~~~~~~~~~
 6282 |                   owner.expected_copy_end != header + received)))
      |                   ~~~~~~~~~~~~~~~~~~~~~~~~~~~~~~~~~~~~~~~~~~~~~
/tmp/rut-ws-pr-20261010/include/rut/runtime/iouring_event_loop.h:6279:33: note: place parentheses around the '&&' expression to silence this warning
 6279 |              owner.saw_positive &&
      |                                 ^
      |              (
 6280 |                  (owner.positive_bytes > received ||
 6281 |                   owner.first_copy_begin != header + received - owner.positive_bytes ||
 6282 |                   owner.expected_copy_end != header + received)))
      |
      |                                                                )
4 warnings generated.
[100%] Linking CXX executable test_splice
[100%] Built target test_splice
Test project /tmp/rut-epoll-stable-asan-20261010
    Start 27: test_splice
1/1 Test #27: test_splice ......................   Passed    0.09 sec

100% tests passed, 0 tests failed out of 1

Label Time Summary:
network    =   0.09 sec*proc (1 test)
unit       =   0.09 sec*proc (1 test)

Total Test time (real) =   0.09 sec
